refresh_cache.py started at 2026-03-09 21:42:10
Traceback (most recent call last):
  File "C:\Users\AlexR\OneDrive\Desktop\Stock Cards\refresh_cache.py", line 264, in <module>
    refresh(dry_run=args.dry_run)
    ~~~~~~~^^^^^^^^^^^^^^^^^^^^^^
  File "C:\Users\AlexR\OneDrive\Desktop\Stock Cards\refresh_cache.py", line 183, in refresh
    print(f"  Tracker cache  \u2192 {TRACKER_CACHE_PATH}")
    ~~~~~^^^^^^^^^^^^^^^^^^^^^^^^^^^^^^^^^^^^^^^^^^^^
  File "C:\Users\AlexR\AppData\Local\Python\pythoncore-3.14-64\Lib\encodings\cp1252.py", line 19, in encode
    return codecs.charmap_encode(input,self.errors,encoding_table)[0]
           ~~~~~~~~~~~~~~~~~~~~~^^^^^^^^^^^^^^^^^^^^^^^^^^^^^^^^^^
UnicodeEncodeError: 'charmap' codec can't encode character '\u2192' in position 17: character maps to <undefined>
HTTP Error 404: {"quoteSummary":{"result":null,"error":{"code":"Not Found","description":"Quote not found for symbol: SCS"}}}
refresh_cache.py started at 2026-03-09 21:49:11
  Tracker cache    -> C:\Users\AlexR\OneDrive\Desktop\Stock Cards\data\tracker_cache.json
  Collection cache -> C:\Users\AlexR\OneDrive\Desktop\Stock Cards\data\collection_cache.json

Connecting to Google Sheets...
Found 144 symbol(s): LSTR, UTMD, MGPI, MGEE, BRK-B, OLED, PLAB, SCVL, NX, THO, DAR, ZEUS, MPX, PLPC, LNN, OFLX, LKQ, BG, PPG, FMC, EMN, AOS, ARCB, AWR, HBB, DENN, BDL, ESCA, FTLF, ACU, LFVN, MOV, HDSN, ELA, SMID, VHI, CAL, SBH, CRI, ULH, MLR, SCS, PLOW, WEYS, SHOO, ULTA, FE, RPM, LNT, ITW, SSD, SRE, CMS, CSX, PG, MKC, AEE, CPK, KO, DUK, WEC, XEL, NI, UNF, CHH, HSIC, NYT, GGG, MSB, PRG, ASIX, WLFC, AMWD, VSCO, MOS, VMI, DORM, LCII, SPB, NSP, ESI, MOG-A, BCO, NNI, SWKS, POOL, JBL, SMCI, TXT, CF, DG, EG, HRL, MAS, EXPD, MOH, GPC, TRMB, INGR, TSCO, DCO, MNRO, WINA, SCL, ROG, MRTN, AAP, RCKY, FLXS, GENC, PANL, AP, PDEX, RFM, TAYD, RLGT, NTIC, SGA, DXLG, GTN, PRSU, GWW, MSM, ABM, ATO, HSY, FELE, DLB, LOPE, FERG, SO, PLXS, AWK, HD, TXRH, IEX, ACM, LECO, FUL, CSW, KAI, BCPC, MCD, PGR

  [1/144] Fetching LSTR...
    OK  Done  (fetched_at=2026-03-09 21:49:13)
  [2/144] Fetching UTMD...
    OK  Done  (fetched_at=2026-03-09 21:49:16)
  [3/144] Fetching MGPI...
    OK  Done  (fetched_at=2026-03-09 21:49:18)
  [4/144] Fetching MGEE...
    OK  Done  (fetched_at=2026-03-09 21:49:21)
  [5/144] Fetching BRK-B...
    OK  Done  (fetched_at=2026-03-09 21:49:24)
  [6/144] Fetching OLED...
    OK  Done  (fetched_at=2026-03-09 21:49:26)
  [7/144] Fetching PLAB...
    OK  Done  (fetched_at=2026-03-09 21:49:29)
  [8/144] Fetching SCVL...
    OK  Done  (fetched_at=2026-03-09 21:49:31)
  [9/144] Fetching NX...
    OK  Done  (fetched_at=2026-03-09 21:49:34)
  [10/144] Fetching THO...
    OK  Done  (fetched_at=2026-03-09 21:49:37)
  [11/144] Fetching DAR...
    OK  Done  (fetched_at=2026-03-09 21:49:39)
  [12/144] Fetching ZEUS...
    OK  Done  (fetched_at=2026-03-09 21:49:42)
  [13/144] Fetching MPX...
    OK  Done  (fetched_at=2026-03-09 21:49:45)
  [14/144] Fetching PLPC...
    OK  Done  (fetched_at=2026-03-09 21:49:47)
  [15/144] Fetching LNN...
    OK  Done  (fetched_at=2026-03-09 21:49:50)
  [16/144] Fetching OFLX...
    OK  Done  (fetched_at=2026-03-09 21:49:53)
  [17/144] Fetching LKQ...
    OK  Done  (fetched_at=2026-03-09 21:49:55)
  [18/144] Fetching BG...
    OK  Done  (fetched_at=2026-03-09 21:49:58)
  [19/144] Fetching PPG...
    OK  Done  (fetched_at=2026-03-09 21:50:01)
  [20/144] Fetching FMC...
    OK  Done  (fetched_at=2026-03-09 21:50:03)
  [21/144] Fetching EMN...
    OK  Done  (fetched_at=2026-03-09 21:50:06)
  [22/144] Fetching AOS...
    OK  Done  (fetched_at=2026-03-09 21:50:09)
  [23/144] Fetching ARCB...
    OK  Done  (fetched_at=2026-03-09 21:50:11)
  [24/144] Fetching AWR...
    OK  Done  (fetched_at=2026-03-09 21:50:14)
  [25/144] Fetching HBB...
    OK  Done  (fetched_at=2026-03-09 21:50:17)
  [26/144] Fetching DENN...
    OK  Done  (fetched_at=2026-03-09 21:50:19)
  [27/144] Fetching BDL...
    OK  Done  (fetched_at=2026-03-09 21:50:22)
  [28/144] Fetching ESCA...
    OK  Done  (fetched_at=2026-03-09 21:50:25)
  [29/144] Fetching FTLF...
    OK  Done  (fetched_at=2026-03-09 21:50:27)
  [30/144] Fetching ACU...
    OK  Done  (fetched_at=2026-03-09 21:50:30)
  [31/144] Fetching LFVN...
    OK  Done  (fetched_at=2026-03-09 21:50:33)
  [32/144] Fetching MOV...
    OK  Done  (fetched_at=2026-03-09 21:50:36)
  [33/144] Fetching HDSN...
    OK  Done  (fetched_at=2026-03-09 21:50:38)
  [34/144] Fetching ELA...
    OK  Done  (fetched_at=2026-03-09 21:50:41)
  [35/144] Fetching SMID...
    OK  Done  (fetched_at=2026-03-09 21:50:43)
  [36/144] Fetching VHI...
    OK  Done  (fetched_at=2026-03-09 21:50:46)
  [37/144] Fetching CAL...
    OK  Done  (fetched_at=2026-03-09 21:50:49)
  [38/144] Fetching SBH...
    OK  Done  (fetched_at=2026-03-09 21:50:51)
  [39/144] Fetching CRI...
    OK  Done  (fetched_at=2026-03-09 21:50:54)
  [40/144] Fetching ULH...
    OK  Done  (fetched_at=2026-03-09 21:50:57)
  [41/144] Fetching MLR...
    OK  Done  (fetched_at=2026-03-09 21:50:59)
  [42/144] Fetching SCS...
    OK  Done  (fetched_at=2026-03-09 21:51:02)
  [43/144] Fetching PLOW...
    OK  Done  (fetched_at=2026-03-09 21:51:05)
  [44/144] Fetching WEYS...
    OK  Done  (fetched_at=2026-03-09 21:51:07)
  [45/144] Fetching SHOO...
    OK  Done  (fetched_at=2026-03-09 21:51:10)
  [46/144] Fetching ULTA...
    OK  Done  (fetched_at=2026-03-09 21:51:13)
  [47/144] Fetching FE...
    OK  Done  (fetched_at=2026-03-09 21:51:16)
  [48/144] Fetching RPM...
    OK  Done  (fetched_at=2026-03-09 21:51:18)
  [49/144] Fetching LNT...
    OK  Done  (fetched_at=2026-03-09 21:51:21)
  [50/144] Fetching ITW...
    OK  Done  (fetched_at=2026-03-09 21:51:24)
  [51/144] Fetching SSD...
    OK  Done  (fetched_at=2026-03-09 21:51:27)
  [52/144] Fetching SRE...
    OK  Done  (fetched_at=2026-03-09 21:51:29)
  [53/144] Fetching CMS...
    OK  Done  (fetched_at=2026-03-09 21:51:32)
  [54/144] Fetching CSX...
    OK  Done  (fetched_at=2026-03-09 21:51:35)
  [55/144] Fetching PG...
    OK  Done  (fetched_at=2026-03-09 21:51:37)
  [56/144] Fetching MKC...
    OK  Done  (fetched_at=2026-03-09 21:51:40)
  [57/144] Fetching AEE...
    OK  Done  (fetched_at=2026-03-09 21:51:43)
  [58/144] Fetching CPK...
    OK  Done  (fetched_at=2026-03-09 21:51:46)
  [59/144] Fetching KO...
    OK  Done  (fetched_at=2026-03-09 21:51:48)
  [60/144] Fetching DUK...
    OK  Done  (fetched_at=2026-03-09 21:51:51)
  [61/144] Fetching WEC...
    OK  Done  (fetched_at=2026-03-09 21:51:54)
  [62/144] Fetching XEL...
    OK  Done  (fetched_at=2026-03-09 21:51:56)
  [63/144] Fetching NI...
    OK  Done  (fetched_at=2026-03-09 21:51:59)
  [64/144] Fetching UNF...
    OK  Done  (fetched_at=2026-03-09 21:52:02)
  [65/144] Fetching CHH...
    OK  Done  (fetched_at=2026-03-09 21:52:04)
  [66/144] Fetching HSIC...
    OK  Done  (fetched_at=2026-03-09 21:52:07)
  [67/144] Fetching NYT...
    OK  Done  (fetched_at=2026-03-09 21:52:10)
  [68/144] Fetching GGG...
    OK  Done  (fetched_at=2026-03-09 21:52:12)
  [69/144] Fetching MSB...
    OK  Done  (fetched_at=2026-03-09 21:52:15)
  [70/144] Fetching PRG...
    OK  Done  (fetched_at=2026-03-09 21:52:18)
  [71/144] Fetching ASIX...
    OK  Done  (fetched_at=2026-03-09 21:52:20)
  [72/144] Fetching WLFC...
    OK  Done  (fetched_at=2026-03-09 21:52:23)
  [73/144] Fetching AMWD...
    OK  Done  (fetched_at=2026-03-09 21:52:26)
  [74/144] Fetching VSCO...
    OK  Done  (fetched_at=2026-03-09 21:52:28)
  [75/144] Fetching MOS...
    OK  Done  (fetched_at=2026-03-09 21:52:31)
  [76/144] Fetching VMI...
    OK  Done  (fetched_at=2026-03-09 21:52:34)
  [77/144] Fetching DORM...
    OK  Done  (fetched_at=2026-03-09 21:52:36)
  [78/144] Fetching LCII...
    OK  Done  (fetched_at=2026-03-09 21:52:39)
  [79/144] Fetching SPB...
    OK  Done  (fetched_at=2026-03-09 21:52:42)
  [80/144] Fetching NSP...
    OK  Done  (fetched_at=2026-03-09 21:52:44)
  [81/144] Fetching ESI...
    OK  Done  (fetched_at=2026-03-09 21:52:47)
  [82/144] Fetching MOG-A...
    OK  Done  (fetched_at=2026-03-09 21:52:50)
  [83/144] Fetching BCO...
    OK  Done  (fetched_at=2026-03-09 21:52:53)
  [84/144] Fetching NNI...
    OK  Done  (fetched_at=2026-03-09 21:52:55)
  [85/144] Fetching SWKS...
    OK  Done  (fetched_at=2026-03-09 21:52:58)
  [86/144] Fetching POOL...
    OK  Done  (fetched_at=2026-03-09 21:53:01)
  [87/144] Fetching JBL...
    OK  Done  (fetched_at=2026-03-09 21:53:03)
  [88/144] Fetching SMCI...
    OK  Done  (fetched_at=2026-03-09 21:53:06)
  [89/144] Fetching TXT...
    OK  Done  (fetched_at=2026-03-09 21:53:09)
  [90/144] Fetching CF...
    OK  Done  (fetched_at=2026-03-09 21:53:11)
  [91/144] Fetching DG...
    OK  Done  (fetched_at=2026-03-09 21:53:14)
  [92/144] Fetching EG...
    OK  Done  (fetched_at=2026-03-09 21:53:17)
  [93/144] Fetching HRL...
    OK  Done  (fetched_at=2026-03-09 21:53:19)
  [94/144] Fetching MAS...
    OK  Done  (fetched_at=2026-03-09 21:53:22)
  [95/144] Fetching EXPD...
    OK  Done  (fetched_at=2026-03-09 21:53:25)
  [96/144] Fetching MOH...
    OK  Done  (fetched_at=2026-03-09 21:53:27)
  [97/144] Fetching GPC...
    OK  Done  (fetched_at=2026-03-09 21:53:30)
  [98/144] Fetching TRMB...
    OK  Done  (fetched_at=2026-03-09 21:53:33)
  [99/144] Fetching INGR...
    OK  Done  (fetched_at=2026-03-09 21:53:36)
  [100/144] Fetching TSCO...
    OK  Done  (fetched_at=2026-03-09 21:53:39)
  [101/144] Fetching DCO...
    OK  Done  (fetched_at=2026-03-09 21:53:41)
  [102/144] Fetching MNRO...
    OK  Done  (fetched_at=2026-03-09 21:53:44)
  [103/144] Fetching WINA...
    OK  Done  (fetched_at=2026-03-09 21:53:47)
  [104/144] Fetching SCL...
    OK  Done  (fetched_at=2026-03-09 21:53:49)
  [105/144] Fetching ROG...
    OK  Done  (fetched_at=2026-03-09 21:53:52)
  [106/144] Fetching MRTN...
    OK  Done  (fetched_at=2026-03-09 21:53:54)
  [107/144] Fetching AAP...
    OK  Done  (fetched_at=2026-03-09 21:53:57)
  [108/144] Fetching RCKY...
    OK  Done  (fetched_at=2026-03-09 21:54:00)
  [109/144] Fetching FLXS...
    OK  Done  (fetched_at=2026-03-09 21:54:02)
  [110/144] Fetching GENC...
    OK  Done  (fetched_at=2026-03-09 21:54:05)
  [111/144] Fetching PANL...
    OK  Done  (fetched_at=2026-03-09 21:54:08)
  [112/144] Fetching AP...
    OK  Done  (fetched_at=2026-03-09 21:54:10)
  [113/144] Fetching PDEX...
    OK  Done  (fetched_at=2026-03-09 21:54:13)
  [114/144] Fetching RFM...
    OK  Done  (fetched_at=2026-03-09 21:54:16)
  [115/144] Fetching TAYD...
    OK  Done  (fetched_at=2026-03-09 21:54:18)
  [116/144] Fetching RLGT...
    OK  Done  (fetched_at=2026-03-09 21:54:21)
  [117/144] Fetching NTIC...
    OK  Done  (fetched_at=2026-03-09 21:54:24)
  [118/144] Fetching SGA...
    OK  Done  (fetched_at=2026-03-09 21:54:27)
  [119/144] Fetching DXLG...
    OK  Done  (fetched_at=2026-03-09 21:54:29)
  [120/144] Fetching GTN...
    OK  Done  (fetched_at=2026-03-09 21:54:32)
  [121/144] Fetching PRSU...
    OK  Done  (fetched_at=2026-03-09 21:54:35)
  [122/144] Fetching GWW...
    OK  Done  (fetched_at=2026-03-09 21:54:37)
  [123/144] Fetching MSM...
    OK  Done  (fetched_at=2026-03-09 21:54:40)
  [124/144] Fetching ABM...
    OK  Done  (fetched_at=2026-03-09 21:54:42)
  [125/144] Fetching ATO...
    OK  Done  (fetched_at=2026-03-09 21:54:45)
  [126/144] Fetching HSY...
    OK  Done  (fetched_at=2026-03-09 21:54:48)
  [127/144] Fetching FELE...
    OK  Done  (fetched_at=2026-03-09 21:54:50)
  [128/144] Fetching DLB...
    OK  Done  (fetched_at=2026-03-09 21:54:53)
  [129/144] Fetching LOPE...
    OK  Done  (fetched_at=2026-03-09 21:54:56)
  [130/144] Fetching FERG...
    OK  Done  (fetched_at=2026-03-09 21:54:58)
  [131/144] Fetching SO...
    OK  Done  (fetched_at=2026-03-09 21:55:01)
  [132/144] Fetching PLXS...
    OK  Done  (fetched_at=2026-03-09 21:55:04)
  [133/144] Fetching AWK...
    OK  Done  (fetched_at=2026-03-09 21:55:07)
  [134/144] Fetching HD...
    OK  Done  (fetched_at=2026-03-09 21:55:09)
  [135/144] Fetching TXRH...
    OK  Done  (fetched_at=2026-03-09 21:55:12)
  [136/144] Fetching IEX...
    OK  Done  (fetched_at=2026-03-09 21:55:15)
  [137/144] Fetching ACM...
    OK  Done  (fetched_at=2026-03-09 21:55:17)
  [138/144] Fetching LECO...
    OK  Done  (fetched_at=2026-03-09 21:55:20)
  [139/144] Fetching FUL...
    OK  Done  (fetched_at=2026-03-09 21:55:23)
  [140/144] Fetching CSW...
    OK  Done  (fetched_at=2026-03-09 21:55:25)
  [141/144] Fetching KAI...
    OK  Done  (fetched_at=2026-03-09 21:55:28)
  [142/144] Fetching BCPC...
    OK  Done  (fetched_at=2026-03-09 21:55:31)
  [143/144] Fetching MCD...
    OK  Done  (fetched_at=2026-03-09 21:55:33)
  [144/144] Fetching PGR...
    OK  Done  (fetched_at=2026-03-09 21:55:36)

OK  Wrote tracker_cache.json   (144 symbols)
OK  Wrote collection_cache.json (144 symbols)

Done in 385.6s.
HTTP Error 404: {"quoteSummary":{"result":null,"error":{"code":"Not Found","description":"Quote not found for symbol: SCS"}}}
refresh_cache.py started at 2026-03-11 02:00:06
  Tracker cache    -> C:\Users\AlexR\OneDrive\Desktop\Stock Cards\data\tracker_cache.json
  Collection cache -> C:\Users\AlexR\OneDrive\Desktop\Stock Cards\data\collection_cache.json

Connecting to Google Sheets...
Found 144 symbol(s): LSTR, UTMD, MGPI, MGEE, BRK-B, OLED, PLAB, SCVL, NX, THO, DAR, ZEUS, MPX, PLPC, LNN, OFLX, LKQ, BG, PPG, FMC, EMN, AOS, ARCB, AWR, HBB, DENN, BDL, ESCA, FTLF, ACU, LFVN, MOV, HDSN, ELA, SMID, VHI, CAL, SBH, CRI, ULH, MLR, SCS, PLOW, WEYS, SHOO, ULTA, FE, RPM, LNT, ITW, SSD, SRE, CMS, CSX, PG, MKC, AEE, CPK, KO, DUK, WEC, XEL, NI, UNF, CHH, HSIC, NYT, GGG, MSB, PRG, ASIX, WLFC, AMWD, VSCO, MOS, VMI, DORM, LCII, SPB, NSP, ESI, MOG-A, BCO, NNI, SWKS, POOL, JBL, SMCI, TXT, CF, DG, EG, HRL, MAS, EXPD, MOH, GPC, TRMB, INGR, TSCO, DCO, MNRO, WINA, SCL, ROG, MRTN, AAP, RCKY, FLXS, GENC, PANL, AP, PDEX, RFM, TAYD, RLGT, NTIC, SGA, DXLG, GTN, PRSU, GWW, MSM, ABM, ATO, HSY, FELE, DLB, LOPE, FERG, SO, PLXS, AWK, HD, TXRH, IEX, ACM, LECO, FUL, CSW, KAI, BCPC, MCD, PGR

  [1/144] Fetching LSTR...
    OK  Done  (fetched_at=2026-03-11 02:00:08)
  [2/144] Fetching UTMD...
    OK  Done  (fetched_at=2026-03-11 02:00:11)
  [3/144] Fetching MGPI...
    OK  Done  (fetched_at=2026-03-11 02:00:13)
  [4/144] Fetching MGEE...
    OK  Done  (fetched_at=2026-03-11 02:00:16)
  [5/144] Fetching BRK-B...
    OK  Done  (fetched_at=2026-03-11 02:00:18)
  [6/144] Fetching OLED...
    OK  Done  (fetched_at=2026-03-11 02:00:21)
  [7/144] Fetching PLAB...
    OK  Done  (fetched_at=2026-03-11 02:00:24)
  [8/144] Fetching SCVL...
    OK  Done  (fetched_at=2026-03-11 02:00:26)
  [9/144] Fetching NX...
    OK  Done  (fetched_at=2026-03-11 02:00:29)
  [10/144] Fetching THO...
    OK  Done  (fetched_at=2026-03-11 02:00:31)
  [11/144] Fetching DAR...
    OK  Done  (fetched_at=2026-03-11 02:00:34)
  [12/144] Fetching ZEUS...
    OK  Done  (fetched_at=2026-03-11 02:00:36)
  [13/144] Fetching MPX...
    OK  Done  (fetched_at=2026-03-11 02:00:39)
  [14/144] Fetching PLPC...
    OK  Done  (fetched_at=2026-03-11 02:00:42)
  [15/144] Fetching LNN...
    OK  Done  (fetched_at=2026-03-11 02:00:44)
  [16/144] Fetching OFLX...
    OK  Done  (fetched_at=2026-03-11 02:00:47)
  [17/144] Fetching LKQ...
    OK  Done  (fetched_at=2026-03-11 02:00:49)
  [18/144] Fetching BG...
    OK  Done  (fetched_at=2026-03-11 02:00:52)
  [19/144] Fetching PPG...
    OK  Done  (fetched_at=2026-03-11 02:00:55)
  [20/144] Fetching FMC...
    OK  Done  (fetched_at=2026-03-11 02:00:57)
  [21/144] Fetching EMN...
    OK  Done  (fetched_at=2026-03-11 02:01:00)
  [22/144] Fetching AOS...
    OK  Done  (fetched_at=2026-03-11 02:01:02)
  [23/144] Fetching ARCB...
    OK  Done  (fetched_at=2026-03-11 02:01:05)
  [24/144] Fetching AWR...
    OK  Done  (fetched_at=2026-03-11 02:01:08)
  [25/144] Fetching HBB...
    OK  Done  (fetched_at=2026-03-11 02:01:10)
  [26/144] Fetching DENN...
    OK  Done  (fetched_at=2026-03-11 02:01:13)
  [27/144] Fetching BDL...
    OK  Done  (fetched_at=2026-03-11 02:01:16)
  [28/144] Fetching ESCA...
    OK  Done  (fetched_at=2026-03-11 02:01:18)
  [29/144] Fetching FTLF...
    OK  Done  (fetched_at=2026-03-11 02:01:21)
  [30/144] Fetching ACU...
    OK  Done  (fetched_at=2026-03-11 02:01:23)
  [31/144] Fetching LFVN...
    OK  Done  (fetched_at=2026-03-11 02:01:26)
  [32/144] Fetching MOV...
    OK  Done  (fetched_at=2026-03-11 02:01:29)
  [33/144] Fetching HDSN...
    OK  Done  (fetched_at=2026-03-11 02:01:31)
  [34/144] Fetching ELA...
    OK  Done  (fetched_at=2026-03-11 02:01:34)
  [35/144] Fetching SMID...
    OK  Done  (fetched_at=2026-03-11 02:01:36)
  [36/144] Fetching VHI...
    OK  Done  (fetched_at=2026-03-11 02:01:39)
  [37/144] Fetching CAL...
    OK  Done  (fetched_at=2026-03-11 02:01:42)
  [38/144] Fetching SBH...
    OK  Done  (fetched_at=2026-03-11 02:01:44)
  [39/144] Fetching CRI...
    OK  Done  (fetched_at=2026-03-11 02:01:47)
  [40/144] Fetching ULH...
    OK  Done  (fetched_at=2026-03-11 02:01:49)
  [41/144] Fetching MLR...
    OK  Done  (fetched_at=2026-03-11 02:01:52)
  [42/144] Fetching SCS...
    OK  Done  (fetched_at=2026-03-11 02:01:54)
  [43/144] Fetching PLOW...
    OK  Done  (fetched_at=2026-03-11 02:01:57)
  [44/144] Fetching WEYS...
    OK  Done  (fetched_at=2026-03-11 02:02:00)
  [45/144] Fetching SHOO...
    OK  Done  (fetched_at=2026-03-11 02:02:02)
  [46/144] Fetching ULTA...
    OK  Done  (fetched_at=2026-03-11 02:02:05)
  [47/144] Fetching FE...
    OK  Done  (fetched_at=2026-03-11 02:02:07)
  [48/144] Fetching RPM...
    OK  Done  (fetched_at=2026-03-11 02:02:10)
  [49/144] Fetching LNT...
    OK  Done  (fetched_at=2026-03-11 02:02:13)
  [50/144] Fetching ITW...
    OK  Done  (fetched_at=2026-03-11 02:02:15)
  [51/144] Fetching SSD...
    OK  Done  (fetched_at=2026-03-11 02:02:18)
  [52/144] Fetching SRE...
    OK  Done  (fetched_at=2026-03-11 02:02:20)
  [53/144] Fetching CMS...
    OK  Done  (fetched_at=2026-03-11 02:02:23)
  [54/144] Fetching CSX...
    OK  Done  (fetched_at=2026-03-11 02:02:26)
  [55/144] Fetching PG...
    OK  Done  (fetched_at=2026-03-11 02:02:28)
  [56/144] Fetching MKC...
    OK  Done  (fetched_at=2026-03-11 02:02:31)
  [57/144] Fetching AEE...
    OK  Done  (fetched_at=2026-03-11 02:02:33)
  [58/144] Fetching CPK...
    OK  Done  (fetched_at=2026-03-11 02:02:36)
  [59/144] Fetching KO...
    OK  Done  (fetched_at=2026-03-11 02:02:38)
  [60/144] Fetching DUK...
    OK  Done  (fetched_at=2026-03-11 02:02:41)
  [61/144] Fetching WEC...
    OK  Done  (fetched_at=2026-03-11 02:02:44)
  [62/144] Fetching XEL...
    OK  Done  (fetched_at=2026-03-11 02:02:46)
  [63/144] Fetching NI...
    OK  Done  (fetched_at=2026-03-11 02:02:49)
  [64/144] Fetching UNF...
    OK  Done  (fetched_at=2026-03-11 02:02:51)
  [65/144] Fetching CHH...
    OK  Done  (fetched_at=2026-03-11 02:02:54)
  [66/144] Fetching HSIC...
    OK  Done  (fetched_at=2026-03-11 02:02:57)
  [67/144] Fetching NYT...
    OK  Done  (fetched_at=2026-03-11 02:02:59)
  [68/144] Fetching GGG...
    OK  Done  (fetched_at=2026-03-11 02:03:02)
  [69/144] Fetching MSB...
    OK  Done  (fetched_at=2026-03-11 02:03:04)
  [70/144] Fetching PRG...
    OK  Done  (fetched_at=2026-03-11 02:03:07)
  [71/144] Fetching ASIX...
    OK  Done  (fetched_at=2026-03-11 02:03:09)
  [72/144] Fetching WLFC...
    OK  Done  (fetched_at=2026-03-11 02:03:12)
  [73/144] Fetching AMWD...
    OK  Done  (fetched_at=2026-03-11 02:03:15)
  [74/144] Fetching VSCO...
    OK  Done  (fetched_at=2026-03-11 02:03:17)
  [75/144] Fetching MOS...
    OK  Done  (fetched_at=2026-03-11 02:03:20)
  [76/144] Fetching VMI...
    OK  Done  (fetched_at=2026-03-11 02:03:22)
  [77/144] Fetching DORM...
    OK  Done  (fetched_at=2026-03-11 02:03:25)
  [78/144] Fetching LCII...
    OK  Done  (fetched_at=2026-03-11 02:03:27)
  [79/144] Fetching SPB...
    OK  Done  (fetched_at=2026-03-11 02:03:30)
  [80/144] Fetching NSP...
    OK  Done  (fetched_at=2026-03-11 02:03:33)
  [81/144] Fetching ESI...
    OK  Done  (fetched_at=2026-03-11 02:03:35)
  [82/144] Fetching MOG-A...
    OK  Done  (fetched_at=2026-03-11 02:03:38)
  [83/144] Fetching BCO...
    OK  Done  (fetched_at=2026-03-11 02:03:40)
  [84/144] Fetching NNI...
    OK  Done  (fetched_at=2026-03-11 02:03:43)
  [85/144] Fetching SWKS...
    OK  Done  (fetched_at=2026-03-11 02:03:46)
  [86/144] Fetching POOL...
    OK  Done  (fetched_at=2026-03-11 02:03:48)
  [87/144] Fetching JBL...
    OK  Done  (fetched_at=2026-03-11 02:03:51)
  [88/144] Fetching SMCI...
    OK  Done  (fetched_at=2026-03-11 02:03:53)
  [89/144] Fetching TXT...
    OK  Done  (fetched_at=2026-03-11 02:03:56)
  [90/144] Fetching CF...
    OK  Done  (fetched_at=2026-03-11 02:03:58)
  [91/144] Fetching DG...
    OK  Done  (fetched_at=2026-03-11 02:04:01)
  [92/144] Fetching EG...
    OK  Done  (fetched_at=2026-03-11 02:04:04)
  [93/144] Fetching HRL...
    OK  Done  (fetched_at=2026-03-11 02:04:06)
  [94/144] Fetching MAS...
    OK  Done  (fetched_at=2026-03-11 02:04:09)
  [95/144] Fetching EXPD...
    OK  Done  (fetched_at=2026-03-11 02:04:11)
  [96/144] Fetching MOH...
    OK  Done  (fetched_at=2026-03-11 02:04:14)
  [97/144] Fetching GPC...
    OK  Done  (fetched_at=2026-03-11 02:04:16)
  [98/144] Fetching TRMB...
    OK  Done  (fetched_at=2026-03-11 02:04:19)
  [99/144] Fetching INGR...
    OK  Done  (fetched_at=2026-03-11 02:04:22)
  [100/144] Fetching TSCO...
    OK  Done  (fetched_at=2026-03-11 02:04:24)
  [101/144] Fetching DCO...
    OK  Done  (fetched_at=2026-03-11 02:04:27)
  [102/144] Fetching MNRO...
    OK  Done  (fetched_at=2026-03-11 02:04:29)
  [103/144] Fetching WINA...
    OK  Done  (fetched_at=2026-03-11 02:04:32)
  [104/144] Fetching SCL...
    OK  Done  (fetched_at=2026-03-11 02:04:35)
  [105/144] Fetching ROG...
    OK  Done  (fetched_at=2026-03-11 02:04:37)
  [106/144] Fetching MRTN...
    OK  Done  (fetched_at=2026-03-11 02:04:40)
  [107/144] Fetching AAP...
    OK  Done  (fetched_at=2026-03-11 02:04:42)
  [108/144] Fetching RCKY...
    OK  Done  (fetched_at=2026-03-11 02:04:45)
  [109/144] Fetching FLXS...
    OK  Done  (fetched_at=2026-03-11 02:04:48)
  [110/144] Fetching GENC...
    OK  Done  (fetched_at=2026-03-11 02:04:50)
  [111/144] Fetching PANL...
    OK  Done  (fetched_at=2026-03-11 02:04:53)
  [112/144] Fetching AP...
    OK  Done  (fetched_at=2026-03-11 02:04:55)
  [113/144] Fetching PDEX...
    OK  Done  (fetched_at=2026-03-11 02:04:58)
  [114/144] Fetching RFM...
    OK  Done  (fetched_at=2026-03-11 02:05:01)
  [115/144] Fetching TAYD...
    OK  Done  (fetched_at=2026-03-11 02:05:03)
  [116/144] Fetching RLGT...
    OK  Done  (fetched_at=2026-03-11 02:05:06)
  [117/144] Fetching NTIC...
    OK  Done  (fetched_at=2026-03-11 02:05:08)
  [118/144] Fetching SGA...
    OK  Done  (fetched_at=2026-03-11 02:05:11)
  [119/144] Fetching DXLG...
    OK  Done  (fetched_at=2026-03-11 02:05:13)
  [120/144] Fetching GTN...
    OK  Done  (fetched_at=2026-03-11 02:05:16)
  [121/144] Fetching PRSU...
    OK  Done  (fetched_at=2026-03-11 02:05:19)
  [122/144] Fetching GWW...
    OK  Done  (fetched_at=2026-03-11 02:05:21)
  [123/144] Fetching MSM...
    OK  Done  (fetched_at=2026-03-11 02:05:24)
  [124/144] Fetching ABM...
    OK  Done  (fetched_at=2026-03-11 02:05:26)
  [125/144] Fetching ATO...
    OK  Done  (fetched_at=2026-03-11 02:05:29)
  [126/144] Fetching HSY...
    OK  Done  (fetched_at=2026-03-11 02:05:32)
  [127/144] Fetching FELE...
    OK  Done  (fetched_at=2026-03-11 02:05:34)
  [128/144] Fetching DLB...
    OK  Done  (fetched_at=2026-03-11 02:05:37)
  [129/144] Fetching LOPE...
    OK  Done  (fetched_at=2026-03-11 02:05:39)
  [130/144] Fetching FERG...
    OK  Done  (fetched_at=2026-03-11 02:05:42)
  [131/144] Fetching SO...
    OK  Done  (fetched_at=2026-03-11 02:05:44)
  [132/144] Fetching PLXS...
    OK  Done  (fetched_at=2026-03-11 02:05:47)
  [133/144] Fetching AWK...
    OK  Done  (fetched_at=2026-03-11 02:05:50)
  [134/144] Fetching HD...
    OK  Done  (fetched_at=2026-03-11 02:05:52)
  [135/144] Fetching TXRH...
    OK  Done  (fetched_at=2026-03-11 02:05:55)
  [136/144] Fetching IEX...
    OK  Done  (fetched_at=2026-03-11 02:05:57)
  [137/144] Fetching ACM...
    OK  Done  (fetched_at=2026-03-11 02:06:00)
  [138/144] Fetching LECO...
    OK  Done  (fetched_at=2026-03-11 02:06:02)
  [139/144] Fetching FUL...
    OK  Done  (fetched_at=2026-03-11 02:06:05)
  [140/144] Fetching CSW...
    OK  Done  (fetched_at=2026-03-11 02:06:08)
  [141/144] Fetching KAI...
    OK  Done  (fetched_at=2026-03-11 02:06:10)
  [142/144] Fetching BCPC...
    OK  Done  (fetched_at=2026-03-11 02:06:13)
  [143/144] Fetching MCD...
    OK  Done  (fetched_at=2026-03-11 02:06:15)
  [144/144] Fetching PGR...
    OK  Done  (fetched_at=2026-03-11 02:06:18)

OK  Wrote tracker_cache.json   (144 symbols)
OK  Wrote collection_cache.json (144 symbols)

Done in 372.5s.
